******************************************************************************
                  TI ARM Linker PC v5.1.1                      
******************************************************************************
>> Linked Sun Oct 30 13:26:29 2016

OUTPUT FILE NAME:   <step2.c.out>
ENTRY POINT SYMBOL: "_c_int00"  address: 00000651


MEMORY CONFIGURATION

         name            origin    length      used     unused   attr    fill
----------------------  --------  ---------  --------  --------  ----  --------
  FLASH                 00000000   00040000  000007a0  0003f860  R  X
  SRAM                  20000000   00008000  00000814  000077ec  RW X


SEGMENT ALLOCATION MAP

run origin  load origin   length   init length attrs members
----------  ----------- ---------- ----------- ----- -------
00000000    00000000    000007a0   000007a0    r-x
  00000000    00000000    0000026c   0000026c    r-- .intvecs
  0000026c    0000026c    00000514   00000514    r-x .text
  00000780    00000780    00000020   00000020    r-- .cinit
20000000    20000000    00000814   00000000    rw-
  20000000    20000000    00000800   00000000    rw- .stack
  20000800    20000800    00000014   00000000    rw- .data


SECTION ALLOCATION MAP

 output                                  attributes/
section   page    origin      length       input sections
--------  ----  ----------  ----------   ----------------
.intvecs   0    00000000    0000026c     
                  00000000    0000026c     tm4c123gh6pm_startup_ccs.obj (.intvecs)

.init_array 
*          0    00000000    00000000     UNINITIALIZED

.text      0    0000026c    00000514     
                  0000026c    000001dc     step2.obj (.text)
                  00000448    0000009c     rtsv7M4_T_le_v4SPD16_eabi.lib : memcpy_t2.obj (.text)
                  000004e4    00000094                                   : auto_init.obj (.text)
                  00000578    00000078                                   : memset_t2.obj (.text)
                  000005f0    0000005e                                   : copy_decompress_rle.obj (.text)
                  0000064e    00000002     --HOLE-- [fill = 0]
                  00000650    00000048                                   : boot.obj (.text)
                  00000698    00000044                                   : cpy_tbl.obj (.text)
                  000006dc    00000044                                   : exit.obj (.text)
                  00000720    00000018                                   : args_main.obj (.text)
                  00000738    00000014                                   : _lock.obj (.text)
                  0000074c    00000014                                   : strlen.obj (.text)
                  00000760    0000000e                                   : copy_decompress_none.obj (.text:decompress:none)
                  0000076e    0000000c     tm4c123gh6pm_startup_ccs.obj (.text)
                  0000077a    00000006     rtsv7M4_T_le_v4SPD16_eabi.lib : copy_decompress_rle.obj (.text:decompress:rle24)

.cinit     0    00000780    00000020     
                  00000780    0000000f     (.cinit..data.load) [load image, compression = rle]
                  0000078f    00000001     --HOLE-- [fill = 0]
                  00000790    00000008     (__TI_handler_table)
                  00000798    00000008     (__TI_cinit_table)

.stack     0    20000000    00000800     UNINITIALIZED
                  20000000    00000800     --HOLE--

.data      0    20000800    00000014     UNINITIALIZED
                  20000800    00000008     rtsv7M4_T_le_v4SPD16_eabi.lib : _lock.obj (.data)
                  20000808    00000008                                   : exit.obj (.data)
                  20000810    00000004                                   : stkdepth_vars.obj (.data)


LINKER GENERATED COPY TABLES

__TI_cinit_table @ 00000798 records: 1, size/record: 8, table size: 8
	.data: load addr=00000780, load size=0000000f bytes, run addr=20000800, run size=00000014 bytes, compression=rle


LINKER GENERATED HANDLER TABLE

__TI_handler_table @ 00000790 records: 2, size/record: 4, table size: 8
	index: 0, handler: __TI_decompress_rle24
	index: 1, handler: __TI_decompress_none


GLOBAL SYMBOLS: SORTED ALPHABETICALLY BY Name 

address    name
--------   ----
000006dd   C$$EXIT
0000076f   ResetISR
UNDEFED    SHT$$INIT_ARRAY$$Base
UNDEFED    SHT$$INIT_ARRAY$$Limit
20000800   __STACK_END
00000800   __STACK_SIZE
20000200   __STACK_TOP
00000798   __TI_CINIT_Base
000007a0   __TI_CINIT_Limit
00000790   __TI_Handler_Table_Base
00000798   __TI_Handler_Table_Limit
00000001   __TI_args_main
000004e5   __TI_auto_init
20000808   __TI_cleanup_ptr
00000761   __TI_decompress_none
0000077b   __TI_decompress_rle24
2000080c   __TI_dtors_ptr
00000000   __TI_static_base__
00000579   __aeabi_memclr
00000579   __aeabi_memclr4
00000579   __aeabi_memclr8
00000449   __aeabi_memcpy
00000449   __aeabi_memcpy4
00000449   __aeabi_memcpy8
0000057b   __aeabi_memset
0000057b   __aeabi_memset4
0000057b   __aeabi_memset8
ffffffff   __binit__
ffffffff   __c_args__
20000000   __stack
00000721   _args_main
00000651   _c_int00
20000800   _lock
00000747   _nop
0000073f   _register_lock
00000739   _register_unlock
20000804   _unlock
000006e1   abort
ffffffff   binit
00000699   copy_in
000006e9   exit
00000000   g_pfnVectors
00000331   getcUart0
00000345   getstring
0000026d   initHw
000003cf   main
20000810   main_func_sp
00000449   memcpy
00000581   memset
000002e3   putcUart0
000002ff   putsUart0
0000074d   strlen


GLOBAL SYMBOLS: SORTED BY Symbol Address 

address    name
--------   ----
00000000   __TI_static_base__
00000000   g_pfnVectors
00000001   __TI_args_main
0000026d   initHw
000002e3   putcUart0
000002ff   putsUart0
00000331   getcUart0
00000345   getstring
000003cf   main
00000449   __aeabi_memcpy
00000449   __aeabi_memcpy4
00000449   __aeabi_memcpy8
00000449   memcpy
000004e5   __TI_auto_init
00000579   __aeabi_memclr
00000579   __aeabi_memclr4
00000579   __aeabi_memclr8
0000057b   __aeabi_memset
0000057b   __aeabi_memset4
0000057b   __aeabi_memset8
00000581   memset
00000651   _c_int00
00000699   copy_in
000006dd   C$$EXIT
000006e1   abort
000006e9   exit
00000721   _args_main
00000739   _register_unlock
0000073f   _register_lock
00000747   _nop
0000074d   strlen
00000761   __TI_decompress_none
0000076f   ResetISR
0000077b   __TI_decompress_rle24
00000790   __TI_Handler_Table_Base
00000798   __TI_CINIT_Base
00000798   __TI_Handler_Table_Limit
000007a0   __TI_CINIT_Limit
00000800   __STACK_SIZE
20000000   __stack
20000200   __STACK_TOP
20000800   __STACK_END
20000800   _lock
20000804   _unlock
20000808   __TI_cleanup_ptr
2000080c   __TI_dtors_ptr
20000810   main_func_sp
ffffffff   __binit__
ffffffff   __c_args__
ffffffff   binit
UNDEFED    SHT$$INIT_ARRAY$$Base
UNDEFED    SHT$$INIT_ARRAY$$Limit

[52 symbols]
