******************************************************************************
                  TI ARM Linker PC v5.1.1                      
******************************************************************************
>> Linked Sat Dec 03 19:34:51 2016

OUTPUT FILE NAME:   <Step9n10.c.out>
ENTRY POINT SYMBOL: "_c_int00"  address: 000035c1


MEMORY CONFIGURATION

         name            origin    length      used     unused   attr    fill
----------------------  --------  ---------  --------  --------  ----  --------
  FLASH                 00000000   00040000  00003cde  0003c322  R  X
  SRAM                  20000000   00008000  00004ac3  0000353d  RW X


SEGMENT ALLOCATION MAP

run origin  load origin   length   init length attrs members
----------  ----------- ---------- ----------- ----- -------
00000000    00000000    00003ce0   00003ce0    r-x
  00000000    00000000    0000026c   0000026c    r-- .intvecs
  0000026c    0000026c    00003782   00003782    r-x .text
  000039f0    000039f0    00000258   00000258    r-- .const
  00003c48    00003c48    00000098   00000098    r-- .cinit
20000000    20000000    00004ac8   00000000    rw-
  20000000    20000000    000040f3   00000000    rw- .bss
  200040f4    200040f4    00000800   00000000    rw- .stack
  200048f8    200048f8    000001d0   00000000    rw- .data


SECTION ALLOCATION MAP

 output                                  attributes/
section   page    origin      length       input sections
--------  ----  ----------  ----------   ----------------
.intvecs   0    00000000    0000026c     
                  00000000    0000026c     tm4c123gh6pm_startup_ccs.obj (.intvecs)

.init_array 
*          0    00000000    00000000     UNINITIALIZED

.text      0    0000026c    00003782     
                  0000026c    00000f20     step9n10.obj (.text)
                  0000118c    00000e8c     rtsv7M4_T_le_v4SPD16_eabi.lib : _printfi.obj (.text)
                  00002018    000002ec                                   : xlog.obj (.text)
                  00002304    000002a8                                   : xsin.obj (.text)
                  000025ac    0000023c                                   : strtod.obj (.text)
                  000027e8    000001f4                                   : ull_div_t2.obj (.text)
                  000029dc    000001b6                                   : fd_add_t2.obj (.text)
                  00002b92    00000002     --HOLE-- [fill = 0]
                  00002b94    0000016c                                   : fmod.obj (.text)
                  00002d00    00000136                                   : fd_div_t2.obj (.text)
                  00002e36    00000002     --HOLE-- [fill = 0]
                  00002e38    00000110                                   : xdscale.obj (.text)
                  00002f48    000000fc                                   : fd_mul_t2.obj (.text)
                  00003044    000000c4                                   : xdnorm.obj (.text)
                  00003108    0000009c                                   : memcpy_t2.obj (.text)
                  000031a4    00000094                                   : auto_init.obj (.text)
                  00003238    0000007e                                   : fd_cmp_t2.obj (.text:__aeabi_cdcmple)
                  000032b6    0000007e                                   : fd_cmp_t2.obj (.text:__aeabi_cdrcmple)
                  00003334    00000078                                   : memset_t2.obj (.text)
                  000033ac    00000064                                   : xdunscal.obj (.text)
                  00003410    00000060                                   : sprintf.obj (.text)
                  00003470    0000005e                                   : copy_decompress_rle.obj (.text)
                  000034ce    0000005a                                   : ltoa.obj (.text)
                  00003528    0000004c                                   : atoi.obj (.text)
                  00003574    0000004a                                   : fd_tos_t2.obj (.text)
                  000035be    00000002     --HOLE-- [fill = 0]
                  000035c0    00000048                                   : boot.obj (.text)
                  00003608    00000048                                   : fd_toi_t2.obj (.text)
                  00003650    00000044                                   : cpy_tbl.obj (.text)
                  00003694    00000044                                   : exit.obj (.text)
                  000036d8    00000044                                   : fd_tou_t2.obj (.text)
                  0000371c    00000044                                   : xdtest.obj (.text)
                  00003760    00000040                                   : signal.obj (.text)
                  000037a0    00000038                                   : fs_tod_t2.obj (.text)
                  000037d8    00000034                                   : feraiseexcept.obj (.text)
                  0000380c    00000030                                   : xferaise.obj (.text)
                  0000383c    0000002e                                   : i_tofd_t2.obj (.text)
                  0000386a    0000002e                                   : raise.obj (.text)
                  00003898    00000020                                   : u_tofd_t2.obj (.text)
                  000038b8    00000020     wait.obj (.text)
                  000038d8    0000001c     rtsv7M4_T_le_v4SPD16_eabi.lib : memccpy.obj (.text)
                  000038f4    0000001a                                   : log10.obj (.text)
                  0000390e    0000001a                                   : sin.obj (.text)
                  00003928    00000018                                   : args_main.obj (.text)
                  00003940    00000018                                   : ll_mul_t2.obj (.text)
                  00003958    00000018                                   : strcmp.obj (.text)
                  00003970    00000014                                   : _lock.obj (.text)
                  00003984    00000014                                   : strlen.obj (.text)
                  00003998    00000012                                   : copy_zero_init.obj (.text:decompress:ZI)
                  000039aa    00000012                                   : atof.obj (.text)
                  000039bc    00000012                                   : xdclass.obj (.text)
                  000039ce    0000000e                                   : copy_decompress_none.obj (.text:decompress:none)
                  000039dc    0000000c     tm4c123gh6pm_startup_ccs.obj (.text)
                  000039e8    00000006     rtsv7M4_T_le_v4SPD16_eabi.lib : copy_decompress_rle.obj (.text:decompress:rle24)

.const     0    000039f0    00000258     
                  000039f0    00000102     rtsv7M4_T_le_v4SPD16_eabi.lib : ctype.obj (.const:.string:_ctypes_)
                  00003af2    00000006     --HOLE-- [fill = 0]
                  00003af8    00000098                                   : strtod.obj (.const)
                  00003b90    00000080                                   : xsin.obj (.const)
                  00003c10    00000038                                   : xlog.obj (.const:p)

.cinit     0    00003c48    00000098     
                  00003c48    00000071     (.cinit..data.load) [load image, compression = rle]
                  00003cb9    00000003     --HOLE-- [fill = 0]
                  00003cbc    0000000c     (__TI_handler_table)
                  00003cc8    00000008     (.cinit..bss.load) [load image, compression = zero_init]
                  00003cd0    00000010     (__TI_cinit_table)

.bss       0    20000000    000040f3     UNINITIALIZED
                  20000000    00004000     step9n10.obj (.bss:table)
                  20004000    00000054     step9n10.obj (.bss:str_new1)
                  20004054    00000054     step9n10.obj (.bss:stri)
                  200040a8    00000014     (.common:field_position)
                  200040bc    00000014     (.common:strAdc)
                  200040d0    00000004     (.common:amplitude)
                  200040d4    00000004     (.common:arrived_data)
                  200040d8    00000004     (.common:delta_phase)
                  200040dc    00000004     (.common:iirVolt)
                  200040e0    00000004     (.common:phase)
                  200040e4    00000004     (.common:value)
                  200040e8    00000004     (.common:voltage)
                  200040ec    00000002     (.common:ampsine)
                  200040ee    00000002     (.common:index)
                  200040f0    00000002     (.common:n)
                  200040f2    00000001     (.common:x)

.stack     0    200040f4    00000800     UNINITIALIZED
                  200040f4    00000800     --HOLE--

.data      0    200048f8    000001d0     UNINITIALIZED
                  200048f8    000000b0     rtsv7M4_T_le_v4SPD16_eabi.lib : signal.obj (.data:sigtable)
                  200049a8    00000080                                   : xvalues.obj (.data)
                  20004a28    00000068                                   : xfvalues.obj (.data)
                  20004a90    00000018     step9n10.obj (.data)
                  20004aa8    00000008     rtsv7M4_T_le_v4SPD16_eabi.lib : _lock.obj (.data)
                  20004ab0    00000008                                   : exit.obj (.data)
                  20004ab8    00000008                                   : feraiseexcept.obj (.data)
                  20004ac0    00000004                                   : errno.obj (.data)
                  20004ac4    00000004                                   : stkdepth_vars.obj (.data)


LINKER GENERATED COPY TABLES

__TI_cinit_table @ 00003cd0 records: 2, size/record: 8, table size: 16
	.data: load addr=00003c48, load size=00000071 bytes, run addr=200048f8, run size=000001d0 bytes, compression=rle
	.bss: load addr=00003cc8, load size=00000008 bytes, run addr=20000000, run size=000040f3 bytes, compression=zero_init


LINKER GENERATED HANDLER TABLE

__TI_handler_table @ 00003cbc records: 3, size/record: 4, table size: 12
	index: 0, handler: __TI_decompress_rle24
	index: 1, handler: __TI_decompress_none
	index: 2, handler: __TI_zero_init


GLOBAL SYMBOLS: SORTED ALPHABETICALLY BY Name 

address    name
--------   ----
00003695   C$$EXIT
000039dd   ResetISR
UNDEFED    SHT$$INIT_ARRAY$$Base
UNDEFED    SHT$$INIT_ARRAY$$Limit
00001041   Timer1Isr
000039bd   _Dclass
200049a8   _Denorm
00003045   _Dnorm
00002e39   _Dscale
0000371d   _Dtest
000033ad   _Dunscale
200049b8   _Eps
20004ac0   _Errno
20004a28   _FDenorm
20004a38   _FEps
20004a48   _FInf
20004a58   _FNan
20004a78   _FRteps
20004a68   _FSnan
20004a88   _FXbig
20004a8c   _FZero
20004ab8   _Fenv
0000380d   _Feraise
200049c8   _Hugeval
200049d8   _Inf
00002019   _Log
200049e8   _Nan
20004a08   _Rteps
00002305   _Sin
200049f8   _Snan
20004abc   _Tls_setup__Fenv
20004a18   _Xbig
20004a20   _Zero
200048f4   __STACK_END
00000800   __STACK_SIZE
200042f4   __STACK_TOP
00003cd0   __TI_CINIT_Base
00003ce0   __TI_CINIT_Limit
00003cbc   __TI_Handler_Table_Base
00003cc8   __TI_Handler_Table_Limit
00000001   __TI_args_main
000031a5   __TI_auto_init
20004ab0   __TI_cleanup_ptr
000039cf   __TI_decompress_none
000039e9   __TI_decompress_rle24
20004ab4   __TI_dtors_ptr
00001d0f   __TI_printfi
00000000   __TI_static_base__
00003999   __TI_zero_init
00003239   __aeabi_cdcmpeq
00003239   __aeabi_cdcmple
000032b7   __aeabi_cdrcmple
00003575   __aeabi_d2f
00003609   __aeabi_d2iz
000036d9   __aeabi_d2uiz
000029e7   __aeabi_dadd
00002d01   __aeabi_ddiv
00002f49   __aeabi_dmul
000029dd   __aeabi_dsub
000037a1   __aeabi_f2d
0000383d   __aeabi_i2d
00003941   __aeabi_lmul
00003335   __aeabi_memclr
00003335   __aeabi_memclr4
00003335   __aeabi_memclr8
00003109   __aeabi_memcpy
00003109   __aeabi_memcpy4
00003109   __aeabi_memcpy8
00003337   __aeabi_memset
00003337   __aeabi_memset4
00003337   __aeabi_memset8
00003899   __aeabi_ui2d
000027e9   __aeabi_uldivmod
ffffffff   __binit__
ffffffff   __c_args__
200040f4   __stack
00003929   _args_main
000035c1   _c_int00
000039f0   _ctypes_
20004aa8   _lock
0000397f   _nop
00003977   _register_lock
00003971   _register_unlock
20004aac   _unlock
00003699   abort
20004aa0   alpha
200040d0   amplitude
200040ec   ampsine
200040d4   arrived_data
000039ab   atof
00003529   atoi
ffffffff   binit
000005b1   check_string
00003651   copy_in
200040d8   delta_phase
000036a1   exit
000037d9   feraiseexcept
20004a90   field_count
200040a8   field_position
20004aa4   firstUpdate
00002b95   fmod
20004a98   freq2
20004a94   frequency
00000000   g_pfnVectors
00000a6d   get_number
00000449   getcUart0
00000ae9   getcommands
00000473   getstring
200040dc   iirVolt
200040ee   index
0000026d   initHw
00000801   iscommand
000038f5   log10
0000082d   lookuptable
000008c1   lookuptable2
00000971   lookuptable3
000034cf   ltoa
000010ad   main
20004ac4   main_func_sp
000038d9   memccpy
00003109   memcpy
0000333d   memset
200040f0   n
20004a9c   new_freq
200040e0   phase
000003fb   putcUart0
00000417   putsUart0
0000386b   raise
0000045d   readAdcSlowOut
00003761   signal
0000390f   sin
00003411   sprintf
200040bc   strAdc
20004000   str_new1
00003959   strcmp
20004054   stri
00003985   strlen
000025ad   strtod
20000000   table
200040e4   value
200040e8   voltage
000038b9   waitMicrosecond
200040f2   x


GLOBAL SYMBOLS: SORTED BY Symbol Address 

address    name
--------   ----
00000000   __TI_static_base__
00000000   g_pfnVectors
00000001   __TI_args_main
0000026d   initHw
000003fb   putcUart0
00000417   putsUart0
00000449   getcUart0
0000045d   readAdcSlowOut
00000473   getstring
000005b1   check_string
00000800   __STACK_SIZE
00000801   iscommand
0000082d   lookuptable
000008c1   lookuptable2
00000971   lookuptable3
00000a6d   get_number
00000ae9   getcommands
00001041   Timer1Isr
000010ad   main
00001d0f   __TI_printfi
00002019   _Log
00002305   _Sin
000025ad   strtod
000027e9   __aeabi_uldivmod
000029dd   __aeabi_dsub
000029e7   __aeabi_dadd
00002b95   fmod
00002d01   __aeabi_ddiv
00002e39   _Dscale
00002f49   __aeabi_dmul
00003045   _Dnorm
00003109   __aeabi_memcpy
00003109   __aeabi_memcpy4
00003109   __aeabi_memcpy8
00003109   memcpy
000031a5   __TI_auto_init
00003239   __aeabi_cdcmpeq
00003239   __aeabi_cdcmple
000032b7   __aeabi_cdrcmple
00003335   __aeabi_memclr
00003335   __aeabi_memclr4
00003335   __aeabi_memclr8
00003337   __aeabi_memset
00003337   __aeabi_memset4
00003337   __aeabi_memset8
0000333d   memset
000033ad   _Dunscale
00003411   sprintf
000034cf   ltoa
00003529   atoi
00003575   __aeabi_d2f
000035c1   _c_int00
00003609   __aeabi_d2iz
00003651   copy_in
00003695   C$$EXIT
00003699   abort
000036a1   exit
000036d9   __aeabi_d2uiz
0000371d   _Dtest
00003761   signal
000037a1   __aeabi_f2d
000037d9   feraiseexcept
0000380d   _Feraise
0000383d   __aeabi_i2d
0000386b   raise
00003899   __aeabi_ui2d
000038b9   waitMicrosecond
000038d9   memccpy
000038f5   log10
0000390f   sin
00003929   _args_main
00003941   __aeabi_lmul
00003959   strcmp
00003971   _register_unlock
00003977   _register_lock
0000397f   _nop
00003985   strlen
00003999   __TI_zero_init
000039ab   atof
000039bd   _Dclass
000039cf   __TI_decompress_none
000039dd   ResetISR
000039e9   __TI_decompress_rle24
000039f0   _ctypes_
00003cbc   __TI_Handler_Table_Base
00003cc8   __TI_Handler_Table_Limit
00003cd0   __TI_CINIT_Base
00003ce0   __TI_CINIT_Limit
20000000   table
20004000   str_new1
20004054   stri
200040a8   field_position
200040bc   strAdc
200040d0   amplitude
200040d4   arrived_data
200040d8   delta_phase
200040dc   iirVolt
200040e0   phase
200040e4   value
200040e8   voltage
200040ec   ampsine
200040ee   index
200040f0   n
200040f2   x
200040f4   __stack
200042f4   __STACK_TOP
200048f4   __STACK_END
200049a8   _Denorm
200049b8   _Eps
200049c8   _Hugeval
200049d8   _Inf
200049e8   _Nan
200049f8   _Snan
20004a08   _Rteps
20004a18   _Xbig
20004a20   _Zero
20004a28   _FDenorm
20004a38   _FEps
20004a48   _FInf
20004a58   _FNan
20004a68   _FSnan
20004a78   _FRteps
20004a88   _FXbig
20004a8c   _FZero
20004a90   field_count
20004a94   frequency
20004a98   freq2
20004a9c   new_freq
20004aa0   alpha
20004aa4   firstUpdate
20004aa8   _lock
20004aac   _unlock
20004ab0   __TI_cleanup_ptr
20004ab4   __TI_dtors_ptr
20004ab8   _Fenv
20004abc   _Tls_setup__Fenv
20004ac0   _Errno
20004ac4   main_func_sp
ffffffff   __binit__
ffffffff   __c_args__
ffffffff   binit
UNDEFED    SHT$$INIT_ARRAY$$Base
UNDEFED    SHT$$INIT_ARRAY$$Limit

[143 symbols]
